Timing is on.
── setup: single-table system-versioned entity ──
DROP TABLE
Time: 0.413 ms
DROP ROLE
Time: 0.165 ms
psql:/scripts/01-rls-immutability.sql:16: NOTICE:  table "customers_st" does not exist, skipping
psql:/scripts/01-rls-immutability.sql:17: NOTICE:  role "app_rw" does not exist, skipping
CREATE TABLE
Time: 8.372 ms
CREATE ROLE
Time: 6.410 ms
GRANT
Time: 1.803 ms
ALTER TABLE
Time: 1.599 ms
CREATE POLICY
Time: 3.890 ms
CREATE POLICY
Time: 2.044 ms
CREATE POLICY
Time: 1.407 ms
CREATE POLICY
Time: 2.170 ms
INSERT 0 2
Time: 2.721 ms

── TEST 1a: app role rewrites a CLOSED portion (expect: 0 rows / denied) ──
SET
Time: 0.119 ms
UPDATE 0
Time: 0.680 ms

── TEST 1b: app role FOR PORTION OF rewrites HISTORY (expect: denied or 0 rows) ──
UPDATE 0
Time: 0.315 ms

── TEST 1c: THE CRUX — app role FOR PORTION OF on the CURRENT row ──
   (open item says RLS-incompatible: capture error vs. success vs. policy clash on flanks)
UPDATE 1
Time: 1.636 ms

── TEST 1d: app role INSERTs fake closed history directly (expect: WITH CHECK rejects) ──
Time: 0.264 ms
RESET
Time: 0.067 ms

── final state (superuser view) ──
psql:/scripts/01-rls-immutability.sql:72: ERROR:  new row violates row-level security policy for table "customers_st"
  full_name   | risk_tier |                       system_period                        
--------------+-----------+------------------------------------------------------------
 Acme Old     |         2 | ["2026-01-01 00:00:00+00","2026-03-01 00:00:00+00")
 Acme Current |         3 | ["2026-03-01 00:00:00+00","2026-06-07 11:17:26.085241+00")
 Acme Current |         5 | ["2026-06-07 11:17:26.085241+00",infinity)
(3 rows)

Time: 0.398 ms
