Timing is on.
── setup: business-effective table (Model A) + trigger observatory ──
DROP TABLE
Time: 0.696 ms
psql:/scripts/04-portion-semantics.sql:14: NOTICE:  table "class_factors" does not exist, skipping
psql:/scripts/04-portion-semantics.sql:14: NOTICE:  table "trigger_log" does not exist, skipping
CREATE TABLE
Time: 11.002 ms
CREATE TABLE
Time: 4.881 ms
CREATE FUNCTION
Time: 3.263 ms
CREATE TRIGGER
Time: 2.765 ms
INSERT 0 1
Time: 3.221 ms
TRUNCATE TABLE
Time: 3.056 ms

── TEST 4a: UPDATE FOR PORTION OF — Q3 correction (expect 3-way split) ──
UPDATE 1
Time: 3.136 ms
 class_code |      valid_period       | loss_cost_factor 
------------+-------------------------+------------------
 8810       | [2026-01-01,2026-07-01) |           1.0000
 8810       | [2026-07-01,2026-10-01) |           1.4200
 8810       | [2026-10-01,2027-01-01) |           1.0000
(3 rows)

Time: 0.567 ms
   trigger firing (Neon doc claims: 1 UPDATE + 2 INSERTs):
 seq |   op   |        old_range        |        new_range        | old_factor | new_factor 
-----+--------+-------------------------+-------------------------+------------+------------
   2 | INSERT |                         | [2026-01-01,2026-07-01) |            |     1.0000
   3 | INSERT |                         | [2026-10-01,2027-01-01) |            |     1.0000
   4 | UPDATE | [2026-01-01,2027-01-01) | [2026-07-01,2026-10-01) |     1.0000 |     1.4200
(3 rows)

Time: 0.324 ms

── TEST 4b: RETURNING + rowcount exclude leftovers? ──
TRUNCATE TABLE
Time: 2.680 ms
psql:/scripts/04-portion-semantics.sql:78: NOTICE:  ROW_COUNT reported: 1 (doc claim: excludes leftover flanks)
DO
Time: 3.441 ms
 class_code |      valid_period       | loss_cost_factor 
------------+-------------------------+------------------
 8810       | [2026-09-01,2026-09-15) |           1.5500
(1 row)

UPDATE 1
Time: 2.406 ms
   (RETURNING rows above should show only the directly-modified portion)

── TEST 4c: DELETE FOR PORTION OF — carve a hole (expect gap, flanks preserved) ──
TRUNCATE TABLE
Time: 2.890 ms
DELETE 1
Time: 2.629 ms
 class_code |      valid_period       | loss_cost_factor 
------------+-------------------------+------------------
 8810       | [2026-01-01,2026-03-01) |           1.0000
 8810       | [2026-04-01,2026-07-01) |           1.0000
 8810       | [2026-07-01,2026-08-01) |           1.4200
 8810       | [2026-08-01,2026-09-01) |           1.5000
 8810       | [2026-09-01,2026-09-15) |           1.5500
 8810       | [2026-09-15,2026-10-01) |           1.4200
 8810       | [2026-10-01,2027-01-01) |           1.0000
(7 rows)

Time: 0.318 ms
 seq |   op   |        old_range        |        new_range        
-----+--------+-------------------------+-------------------------
  10 | INSERT |                         | [2026-01-01,2026-03-01)
  11 | INSERT |                         | [2026-04-01,2026-07-01)
  12 | DELETE | [2026-01-01,2026-07-01) | 
(3 rows)

Time: 0.280 ms

── TEST 4d: unbounded bound syntax (open item: NULL vs. keyword) ──
   FROM <date> TO NULL:
UPDATE 1
Time: 3.038 ms
   FROM NULL TO <date>:
UPDATE 1
Time: 2.537 ms
 class_code |      valid_period       | loss_cost_factor 
------------+-------------------------+------------------
 8810       | [2026-01-01,2026-02-01) |           0.9500
 8810       | [2026-02-01,2026-03-01) |           1.0000
 8810       | [2026-04-01,2026-07-01) |           1.0000
 8810       | [2026-07-01,2026-08-01) |           1.4200
 8810       | [2026-08-01,2026-09-01) |           1.5000
 8810       | [2026-09-01,2026-09-15) |           1.5500
 8810       | [2026-09-15,2026-10-01) |           1.4200
 8810       | [2026-10-01,2026-11-01) |           1.0000
 8810       | [2026-11-01,2027-01-01) |           1.6000
(9 rows)

Time: 0.291 ms

── TEST 4e: system-time idiom — single-statement versioned update ──
   (the Model B trigger-killer IF single-table were viable: FROM now() TO NULL)
DROP TABLE
Time: 0.403 ms
psql:/scripts/04-portion-semantics.sql:118: NOTICE:  table "sys_demo" does not exist, skipping
CREATE TABLE
Time: 5.405 ms
INSERT 0 1
Time: 2.532 ms
 pg_sleep 
----------
 
(1 row)

Time: 51.270 ms
UPDATE 1
Time: 13.677 ms
   (expect: closed flank with 'original', current row with 'corrected')
    val    |                          system_period                           
-----------+------------------------------------------------------------------
 original  | ["2026-08-05 04:00:11.596437+00","2026-08-05 04:00:11.65108+00")
 corrected | ["2026-08-05 04:00:11.65108+00",infinity)
(2 rows)

Time: 1.055 ms
